File type: CodeFileType
Top module name: .ParseTest.Empty
