File type: owo
Top module name: .Unresolved
UnresolvedReferenceError (Name ((30 3 6 in Just "testData/desugarFail/Unresolved.owo"), (31 3 7 in Just "testData/desugarFail/Unresolved.owo")) "b")
