Identifier Tokens
Identifier in
Identifier this
Identifier file
Identifier should
Operator **
Identifier not
Operator **
Identifier display
Identifier location
Identifier information
DotToken
Identifier starPlatinum
EqualToken
Identifier take
IntegerToken 100
Operator $
Identifier repeat
Identifier ora
Identifier theWorld
EqualToken
Identifier take
IntegerToken 100
Operator $
Identifier repeat
Identifier muda
