MetaVar _ (0 1 1) (1 1 2)
MetaVar _a (2 2 1) (4 2 3)
MetaVar _123 (5 3 1) (9 3 5)
MetaVar __ (11 5 1) (13 5 3)
MetaVar ___ (14 6 1) (17 6 4)
MetaVar _' (18 7 1) (20 7 3)
