Identifier a (0 1 1) (1 1 2)
EqualToken (2 1 3) (3 1 4)
Identifier b (4 1 5) (5 1 6)
Operator + (8 2 3) (9 2 4)
Identifier c (10 2 5) (11 2 6)
Identifier e (12 3 1) (13 3 2)
EqualToken (14 3 3) (15 3 4)
Identifier k (16 3 5) (17 3 6)
Operator + (18 3 7) (19 3 8)
Identifier d (20 3 9) (21 3 10)
Identifier f (22 4 1) (23 4 2)
EqualToken (24 4 3) (25 4 4)
DoToken (26 4 5) (28 4 7)
BraceLToken (31 5 3) (31 5 3)
Identifier a (31 5 3) (32 5 4)
Operator + (33 5 5) (34 5 6)
Identifier b (39 6 5) (40 6 6)
SemicolonToken (43 7 3) (43 7 3)
Identifier c (43 7 3) (44 7 4)
BraceRToken (46 9 1) (46 9 1)
Identifier g (46 9 1) (47 9 2)
EqualToken (48 9 3) (49 9 4)
DoToken (50 9 5) (52 9 7)
BraceLToken (56 10 4) (56 10 4)
Identifier b (56 10 4) (57 10 5)
Operator + (58 10 6) (59 10 7)
BraceRToken (61 11 2) (61 11 2)
Identifier c (61 11 2) (62 11 3)
Identifier d (66 12 4) (67 12 5)
Identifier inttest (69 14 1) (76 14 8)
Identifier y (77 14 9) (78 14 10)
EqualToken (79 14 11) (80 14 12)
IntegerToken 1 (81 14 13) (82 14 14)
Operator + (85 15 3) (86 15 4)
IntegerToken 2 (87 15 5) (88 15 6)
Operator + (91 17 2) (92 17 3)
IntegerToken 3 (93 17 4) (94 17 5)
Operator + (95 17 6) (96 17 7)
Identifier y (97 17 8) (98 17 9)
Operator + (103 18 5) (104 18 6)
IntegerToken 4 (105 18 7) (106 18 8)
