File type: owo
Top module name: .FixityInSubmodule
 submodule .Submodule
 infix 1
  + (69 4 13) (70 4 14)
 submodule .Submodule2
 infixr 3
  <+> (154 9 14) (157 9 17)
 infixl 2
  <|> (129 8 14) (132 8 17)
  <$> (133 8 18) (136 8 21)
  <*> (137 8 22) (140 8 25)
 infix 1
  + (110 7 13) (111 7 14)
  - (112 7 15) (113 7 16)
  * (114 7 17) (115 7 18)
