File type: owo
Top module name: .SimpleOp
 implementation of function  f (37 3 3) (38 3 4)
  no pragmas
  clause for  f (37 3 3) (38 3 4)
  patterns matching parsed as expression
   named reference f (37 3 3) (38 3 4)
  function body
   function application
   function being applied
    function application
    function being applied
     named reference + (43 3 9) (44 3 10)
    value applied to the function
     constant (41 3 7) (42 3 8)
      IntegerLit 1
   value applied to the function
    constant (45 3 11) (46 3 12)
     IntegerLit 1
  no with abstraction
  no where clause
